// Jest Snapshot v1, https://goo.gl/fbAQLP

exports[`snapshot test: LoaderWrapper should render correctly 1`] = `
<div
  className=" loader-wrapper"
>
  ðŸ¦¥
</div>
`;
