// Jest Snapshot v1, https://goo.gl/fbAQLP

exports[`snapshot test: RateList should render correctly 1`] = `
<ul
  className=" rate-list"
>
  <li
    className="rate-list__item"
    key="EUR"
  >
    <span
      aria-label="ÐµÐ²Ñ€Ð¾"
      className="rate-list__currency"
    >
      ðŸ’¶
    </span>
     = 
    ?
    Â Ñ€ÑƒÐ±
  </li>
</ul>
`;

exports[`snapshot test: RateList should render rate 1`] = `
<ul
  className=" rate-list"
>
  <li
    className="rate-list__item"
    key="EUR"
  >
    <span
      aria-label="ÐµÐ²Ñ€Ð¾"
      className="rate-list__currency"
    >
      ðŸ’¶
    </span>
     = 
    4.00
    Â Ñ€ÑƒÐ±
  </li>
</ul>
`;
