// Jest Snapshot v1, https://goo.gl/fbAQLP

exports[`snapshot test: DateInput should render correctly 1`] = `
<input
  aria-label="date"
  className=" date-input"
  max=""
  name="date"
  onChange={[Function]}
  type="date"
  value="2020-04-04"
/>
`;
